test@app-lwl:~/yocto/build/tmp/deploy/images/adsp-sc589-ezkit$ minicom


Welcome to minicom 2.7.1

OPTIONS: I18n 
Compiled on Aug 13 2017, 15:25:34.
Port /dev/ttyUSB0, 21:21:16

Press CTRL-A Z for help on special keys

�

U-Boot 2015.01 ADI-1.3.0 (Aug 01 2019 - 10:23:56)

CPU:   ADSP ADSP-SC589-0.1 (Detected Rev: 1.1) (spi flash boot)
VCO: 450 MHz, Cclk0: 450 MHz, Sclk0: 112.500 MHz, Sclk1: 112.500 MHz, DCLK: 450z
OCLK: 150 MHz
       Watchdog enabled
I2C:   ready
DRAM:  224 MiB
MMC:   SC5XX SDH: 0
SF: Detected W25Q128BV with page size 256 Bytes, erase size 4 KiB, total 16 MiB
In:    serial
Out:   serial
Err:   serial                                                                   
other init                                                                      
Net:   dwmac.3100c000                                                           
Hit any key to stop autoboot:  0                                                
sc # print                                                                      
addip=set bootargs ${bootargs} ip=${ipaddr}:${serverip}:${gatewayip}:${netmask}f
autoload=no                                                                     
baudrate=57600                                                                  
bootargs=root=/dev/mtdblock2 rw rootfstype=jffs2 clkin_hz=(25000000) earlyprintM
bootcmd=run ramboot                                                             
bootdelay=5                                                                     
dtbaddr=0xC4000000                                                              
dtbfile=sc589-ezkit.dtb                                                         
ethact=dwmac.3100c000                                                           
ethaddr=02:80:ad:20:31:e8                                                       
gatewayip=192.168.0.1                                                           
hostname="sc58x"                                                                
initramaddr=0xC5000000                                                          
initramfile=ramdisk.cpio.xz.u-boot                                              
ipaddr=10.100.4.50                                                              
loadaddr=0xC2000000                                                             
loads_echo=1                                                                    
nc=set ncip ${serverip};set stdin nc;set stdout nc;set stderr nc                
netmask=255.255.255.0                                                           
nfsargs=set bootargs root=/dev/nfs rw nfsroot=${serverip}:${rootpath},tcp,nfsveM
nfsboot=tftp ${loadaddr} ${nfsfile};tftp ${dtbaddr} ${dtbfile};run nfsargs;run }
nfsfile=zImage                                                                  
ramargs=set bootargs root=/dev/ram clkin_hz=(25000000) earlyprintk=serial,uart0M
ramboot=tftp ${loadaddr} ${ramfile};tftp ${dtbaddr} ${dtbfile};tftp ${initramad}
ramfile=zImage                                                                  
rootpath=/romfs                                                                 
serverip=10.100.4.174                                                           
stderr=serial                                                                   
stdin=serial                                                                    
stdout=serial                                                                   
ubootfile=u-boot.ldr                                                            
update=tftp ${loadaddr} ${ubootfile};sf probe 2:1;sf erase 0 0x80000;sf write $}
                                                                                
Environment size: 1477/8188 bytes                                               
sc # run nfsboot                                                                
Speed: 1000, full duplex                                                        
Using dwmac.3100c000 device                                                     
TFTP from server 10.100.4.174; our IP address is 10.100.4.50                    
Filename 'zImage'.                                                              
Load address: 0xc2000000                                                        
Loading: #################################################################      
         #################################################################      
         #################################################################      
         #################################################################      
         #########################                                              
         5.2 MiB/s                                                              
done                                                                            
Bytes transferred = 4175232 (3fb580 hex)                                        
Speed: 1000, full duplex                                                        
Using dwmac.3100c000 device                                                     
TFTP from server 10.100.4.174; our IP address is 10.100.4.50                    
Filename 'sc589-ezkit.dtb'.                                                     
Load address: 0xc4000000                                                        
Loading: ##                                                                     
         4.1 MiB/s                                                              
done                                                                            
Bytes transferred = 21422 (53ae hex)                                            
Kernel image @ 0xc2000000 [ 0x000000 - 0x3fb580 ]                               
## Flattened Device Tree blob at c4000000                                       
   Booting using the fdt blob at 0xc4000000                                     
   Loading Device Tree to cfe56000, end cfe5e3ad ... OK                         
                                                                                
Starting kernel ...                                                             
                                                                                
Uncompressing Linux... done, booting the kernel.                                
Booting Linux on physical CPU 0x0                                               
Linux version 4.16.0 (oe-user@oe-host) (gcc version 8.2.0 (GCC)) #1 Tue Aug 13 9
CPU: ARMv7 Processor [410fc051] revision 1 (ARMv7), cr=10c53c7d                 
CPU: PIPT / VIPT nonaliasing data cache, VIPT aliasing instruction cache        
OF: fdt: Machine model: ADI sc589-ezkit                                         
bootconsole [earlycon0] enabled                                                 
Memory policy: Data cache writeback                                             
Hit pending asynchronous external abort (FSR=0x00001c06) during first unmask, t.
CPU: All CPU(s) started in SVC mode.                                            
dump init clock rate                                                            
CGU0_PLL 450 MHz                                                                
CGU0_SYSCLK 225 MHz                                                             
CGU0_CCLK 450 MHz                                                               
CGU0_SYS0 112 MHz                                                               
CGU0_DCLK 450 MHz                                                               
CGU0_OCLK 150 MHz                                                               
CGU0_SYS0 112 MHz                                                               
random: fast init done                                                          
Built 1 zonelists, mobility grouping on.  Total pages: 56896                    
Kernel command line: root=/dev/nfs rw nfsroot=10.100.4.174:/romfs,tcp,nfsvers=3f
Dentry cache hash table entries: 32768 (order: 5, 131072 bytes)                 
Inode-cache hash table entries: 16384 (order: 4, 65536 bytes)                   
Memory: 217680K/229376K available (6144K kernel code, 207K rwdata, 1592K rodata)
Virtual kernel memory layout:                                                   
    vector  : 0xffff0000 - 0xffff1000   (   4 kB)                               
    fixmap  : 0xffc00000 - 0xfff00000   (3072 kB)                               
    vmalloc : 0xce800000 - 0xff800000   ( 784 MB)                               
    lowmem  : 0xc0000000 - 0xce000000   ( 224 MB)                               
    modules : 0xbf000000 - 0xc0000000   (  16 MB)                               
      .text : 0x(ptrval) - 0x(ptrval)   (7136 kB)                               
      .init : 0x(ptrval) - 0x(ptrval)   (1024 kB)                               
      .data : 0x(ptrval) - 0x(ptrval)   ( 208 kB)                               
       .bss : 0x(ptrval) - 0x(ptrval)   ( 125 kB)                               
NR_IRQS: 16, nr_irqs: 16, preallocated irqs: 16                                 
clocksource: cs_gptimer: mask: 0xffffffff max_cycles: 0xffffffff, max_idle_ns: s
sched_clock: 32 bits at 112MHz, resolution 8ns, wraps every 19088743419ns       
Console: colour dummy device 80x30                                              
Calibrating delay loop... 297.98 BogoMIPS (lpj=595968)                          
pid_max: default: 32768 minimum: 301                                            
Mount-cache hash table entries: 1024 (order: 0, 4096 bytes)                     
Mountpoint-cache hash table entries: 1024 (order: 0, 4096 bytes)                
CPU: Testing write buffer coherency: ok                                         
Setting up static identity map for 0xc2100000 - 0xc210003c                      
devtmpfs: initialized                                                           
VFP support v0.3: implementor 41 architecture 2 part 30 variant 5 rev 1         
clocksource: jiffies: mask: 0xffffffff max_cycles: 0xffffffff, max_idle_ns: 764s
futex hash table entries: 256 (order: -1, 3072 bytes)                           
pinctrl core: initialized pinctrl subsystem                                     
NET: Registered protocol family 16                                              
DMA: preallocated 256 KiB pool for atomic coherent allocations                  
L2C: device tree omits to specify unified cache                                 
L2C-310 dynamic clock gating enabled, standby mode enabled                      
L2C-310 cache controller enabled, 8 ways, 256 kB                                
L2C-310: CACHE_ID 0x410000c9, AUX_CTRL 0x06040000                               
sc58x_init: registering device resources                                        
sec init...                                                                     
enabled                                                                         
hw-breakpoint: Failed to enable monitor mode on CPU 0.                          
ADI DMA2 Controller                                                             
SCSI subsystem initialized                                                      
usbcore: registered new interface driver usbfs                                  
usbcore: registered new interface driver hub                                    
usbcore: registered new device driver usb                                       
GPIO line 504 (adau1962-rst) hogged as output/low                               
GPIO line 505 (adau1962-rst) hogged as output/low                               
i2c-adi-twi 31001400.twi: ADI on-chip I2C TWI Controller, regs_base@930eef91    
i2c-adi-twi 31001500.twi: ADI on-chip I2C TWI Controller, regs_base@9306d38a    
i2c-adi-twi 31001600.twi: ADI on-chip I2C TWI Controller, regs_base@fee0790f    
pps_core: LinuxPPS API ver. 1 registered                                        
pps_core: Software ver. 5.3.6 - Copyright 2005-2007 Rodolfo Giometti <giometti@>
PTP clock support registered                                                    
Advanced Linux Sound Architecture Driver Initialized.                           
clocksource: Switched to clocksource cs_gptimer                                 
NET: Registered protocol family 2                                               
tcp_listen_portaddr_hash hash table entries: 512 (order: 0, 4096 bytes)         
TCP established hash table entries: 2048 (order: 1, 8192 bytes)                 
TCP bind hash table entries: 2048 (order: 1, 8192 bytes)                        
TCP: Hash tables configured (established 2048 bind 2048)                        
UDP hash table entries: 256 (order: 0, 4096 bytes)                              
UDP-Lite hash table entries: 256 (order: 0, 4096 bytes)                         
NET: Registered protocol family 1                                               
RPC: Registered named UNIX socket transport module.                             
RPC: Registered udp transport module.                                           
RPC: Registered tcp transport module.                                           
RPC: Registered tcp NFSv4.1 backchannel transport module.                       
hw perfevents: no interrupt-affinity property for /pmu, guessing.               
hw perfevents: enabled with armv7_cortex_a5 PMU driver, 3 counters available    
Initialise system trusted keyrings                                              
workingset: timestamp_bits=30 max_order=16 bucket_order=0                       
NFS: Registering the id_resolver key type                                       
Key type id_resolver registered                                                 
Key type id_legacy registered                                                   
nfs4filelayout_init: NFSv4 File Layout Driver Registering...                    
jffs2: version 2.2. (NAND) © 2001-2006 Red Hat, Inc.                            
Key type asymmetric registered                                                  
Asymmetric key parser 'x509' registered                                         
io scheduler noop registered (default)                                          
io scheduler mq-deadline registered                                             
io scheduler kyber registered                                                   
APP_STAT=0,RSCKPHY_STAT=0,LINK_CTRL_STATUS_REG2=10001                           
sc58x-pcie 310b8000.pcie: Link training failed                                  
sc58x-pcie 310b8000.pcie: PORT_LINK_DEBUG0 = bf3200, PORT_LINK_DEBUG1 = 8200000 
sc58x-pcie: probe of 310b8000.pcie failed with error -110                       
adi_nl8048 31040000.lcd: Can't start LCD                                        
ADI serial driver                                                               
adi-uart4.0: ttySC0 at MMIO 0x31003000 (irq = 21, base_baud = 7031250) is a ADI4
console [ttySC0] enabled                                                        
console [ttySC0] enabled                                                        
bootconsole [earlycon0] disabled                                                
bootconsole [earlycon0] disabled                                                
loop: module loaded                                                             
adi-spi3 31042000.spi: registered ADI SPI controller spi0                       
m25p80 spi2.38: found w25q128, expected w25q32                                  
m25p80 spi2.38: w25q128 (16384 Kbytes)                                          
3 ofpart partitions found on MTD device spi2.38                                 
Creating 3 MTD partitions on "spi2.38":                                         
0x000000000000-0x000000080000 : "uboot (spi)"                                   
0x000000080000-0x000000600000 : "kernel (spi)"                                  
0x000000600000-0x000001000000 : "root file system (spi)"                        
adi-spi3 31044000.spi: registered ADI SPI controller spi2                       
libphy: Fixed MDIO Bus: probed                                                  
adi-dwmac 3100c000.ethernet: PTP uses main clock                                
adi-dwmac 3100c000.ethernet: no reset control found                             
stmmac - user ID: 0x10, Synopsys ID: 0x37                                       
adi-dwmac 3100c000.ethernet: Ring mode enabled                                  
adi-dwmac 3100c000.ethernet: DMA HW capability register supported               
adi-dwmac 3100c000.ethernet: Enhanced/Alternate descriptors                     
adi-dwmac 3100c000.ethernet: Enabled extended descriptors                       
adi-dwmac 3100c000.ethernet: RX Checksum Offload Engine supported               
adi-dwmac 3100c000.ethernet: COE Type 2                                         
adi-dwmac 3100c000.ethernet: TX Checksum insertion supported                    
adi-dwmac 3100c000.ethernet: Wake-Up On Lan supported                           
adi-dwmac 3100c000.ethernet: Enable RX Mitigation via HW Watchdog Timer         
libphy: stmmac: probed                                                          
force_sf_dma_mode is ignored if force_thresh_dma_mode is set.                   
adi-dwmac 3100e000.ethernet: PTP uses main clock                                
adi-dwmac 3100e000.ethernet: no reset control found                             
stmmac - user ID: 0x11, Synopsys ID: 0x37                                       
adi-dwmac 3100e000.ethernet: Ring mode enabled                                  
adi-dwmac 3100e000.ethernet: DMA HW capability register supported               
adi-dwmac 3100e000.ethernet: Enhanced/Alternate descriptors                     
adi-dwmac 3100e000.ethernet: Enabled extended descriptors                       
adi-dwmac 3100e000.ethernet: RX Checksum Offload Engine supported               
adi-dwmac 3100e000.ethernet: COE Type 2                                         
adi-dwmac 3100e000.ethernet: Wake-Up On Lan supported                           
adi-dwmac 3100e000.ethernet: Enable RX Mitigation via HW Watchdog Timer         
libphy: stmmac: probed                                                          
NS DP83848C 10/100 Mbps PHY stmmac-1:01: attached PHY driver [NS DP83848C 10/10)
usbcore: registered new interface driver usb-storage                            
musb-hdrc musb-hdrc.1.auto: MUSB HDRC host driver                               
musb-hdrc musb-hdrc.1.auto: new USB bus registered, assigned bus number 1       
hub 1-0:1.0: USB hub found                                                      
hub 1-0:1.0: 1 port detected                                                    
input: AD7879 Touchscreen as /devices/platform/scb/31042000.spi/spi_master/spi00
rtc rtc0: invalid alarm value: 1900-1-13 0:0:0                                  
rtc-adi2 310c8000.rtc: registered as rtc0                                       
i2c /dev entries driver                                                         
adi_wdt: initialized: timeout=20 sec (nowayout=0)                               
Synopsys Designware Multimedia Card Interface Driver                            
dwmmc_adi 31010000.mmc: IDMAC supports 32-bit address mode.                     
dwmmc_adi 31010000.mmc: Using internal DMA controller.                          
dwmmc_adi 31010000.mmc: Version ID is 270a                                      
dwmmc_adi 31010000.mmc: DW MMC controller at irq 47,32 bit host data width,1024o
mmc_host mmc0: Bus speed (slot 0) = 50000000Hz (slot req 400000Hz, actual 39682)
ADI hardware CRC crypto driver                                                  
adi-hmac-crc 31001200.crc: initialized                                          
adi-hmac-crc 31001300.crc: initialized                                          
usbcore: registered new interface driver usbhid                                 
usbhid: USB HID core driver                                                     
usbcore: registered new interface driver r8712u                                 
adau1962 0-0004: busy to request reset-gpio 14                                  
mmc_host mmc0: Bus speed (slot 0) = 50000000Hz (slot req 25000000Hz, actual 250)
mmc0: new SD card at address b368                                               
mmcblk0: mmc0:b368 SMI   1.86 GiB                                               
mmc_host mmc0: Bus speed (slot 0) = 50000000Hz (slot req 400000Hz, actual 39682)
mmc_host mmc0: Bus speed (slot 0) = 50000000Hz (slot req 25000000Hz, actual 250)
print_req_error: I/O error, dev mmcblk0, sector 0                               
print_req_error: I/O error, dev mmcblk0, sector 1                               
print_req_error: I/O error, dev mmcblk0, sector 2                               
print_req_error: I/O error, dev mmcblk0, sector 3                               
print_req_error: I/O error, dev mmcblk0, sector 4                               
print_req_error: I/O error, dev mmcblk0, sector 5                               
print_req_error: I/O error, dev mmcblk0, sector 6                               
print_req_error: I/O error, dev mmcblk0, sector 7                               
Buffer I/O error on dev mmcblk0, logical block 0, async page read               
print_req_error: I/O error, dev mmcblk0, sector 0                               
print_req_error: I/O error, dev mmcblk0, sector 1                               
Buffer I/O error on dev mmcblk0, logical block 0, async page read               
 mmcblk0: unable to read partition table                                        
01,2a,a0,00                                                                     
00,00,01,00                                                                     
06,00,00,00                                                                     
00,00,00,00                                                                     
00,00,00,00                                                                     
00,00,00,00                                                                     
00,aa,aa,aa                                                                     
sc5xx-i2s-dai 31002400.i2s: SPORT create success                                
snd-sc5xx scb:sound: adau1962-hifi <-> 31002400.i2s mapping ok                  
snd-sc5xx scb:sound: adau1977-hifi <-> 31002400.i2s mapping ok                  
NET: Registered protocol family 10                                              
Segment Routing with IPv6                                                       
sit: IPv6, IPv4 and MPLS over IPv4 tunneling driver                             
NET: Registered protocol family 17                                              
Key type dns_resolver registered                                                
ThumbEE CPU extension supported.                                                
Loading compiled-in X.509 certificates                                          
adi_nl8048 31040000.lcd: LCD fb0 registered@7761df88,dma=28,irq=48,cs=39        
console [netcon0] enabled                                                       
netconsole: network logging started                                             
rtc-adi2 310c8000.rtc: setting system clock to 2019-08-13 14:03:03 UTC (1565704)
TI DP83867 stmmac-0:00: attached PHY driver [TI DP83867] (mii_bus:phy_addr=stmm)
adi-dwmac 3100c000.ethernet eth0: IEEE 1588-2008 Advanced Timestamp supported   
adi-dwmac 3100c000.ethernet eth0: registered PTP clock                          
IPv6: ADDRCONF(NETDEV_UP): eth0: link is not ready                              
adi-dwmac 3100c000.ethernet eth0: Link is Up - 1Gbps/Full - flow control rx/tx  
IPv6: ADDRCONF(NETDEV_CHANGE): eth0: link becomes ready                         
IP-Config: Complete:                                                            
     device=eth0, hwaddr=02:80:ad:20:31:e8, ipaddr=10.100.4.50, mask=255.255.251
     host=sc58x, domain=, nis-domain=(none)                                     
     bootserver=10.100.4.174, rootserver=10.100.4.174, rootpath=                
IP-Config: Gateway not on directly connected network                            
cfg80211: Loading compiled-in X.509 certificates for regulatory database        
cfg80211: Loaded X.509 cert 'sforshee: 00b28ddf47aef9cea7'                      
ALSA device list:                                                               
  #0: sc5xx-asoc-card                                                           
platform regulatory.0: Direct firmware load for regulatory.db failed with error2
cfg80211: failed to load regulatory.db                                          
VFS: Mounted root (nfs filesystem) on device 0:11.                              
devtmpfs: mounted                                                               
Freeing unused kernel memory: 1024K                                             
INIT: version 2.88 booting                                                      
Starting udev                                                                   
udevd[786]: starting version 3.2.7                                              
udevd[786]: specified group 'kvm' unknown                                       
udevd[787]: starting eudev-3.2.7                                                
udevd[787]: inotify_init failed: Function not implemented                       
udevd[787]: error initializing inotify                                          
Tue Aug 13 14:07:44 UTC 2019                                                    
ALSA: Restoring mixer settings...                                               
No state is present for card sc5xxasoccard                                      
Found hardware: "sc5xx-asoc-card" "" "" "" ""                                   
Hardware is initialized using a generic method                                  
No state is present for card sc5xxasoccard                                      
INIT: Entering runlevel: 5                                                      
Configuring network interfaces... RTNETLINK answers: File exists                
ifup skipped for nfsroot interface eth0                                         
run-parts: /etc/network/if-pre-up.d/nfsroot: exit status 1                      
Starting system message bus: dbus.                                              
Starting watchdog...                                                            
Starting OpenBSD Secure Shell server: sshd                                      
  generating ssh RSA host key...                                                
random: crng init done                                                          
  generating ssh ECDSA host key...                                              
  generating ssh ED25519 host key...                                            
done.                                                                           
Starting rpcbind daemon...done.                                                 
Starting atd: OK                                                                
Starting bluetooth: bluetoothd.                                                 
Starting network benchmark server: netserver.                                   
Starting syslogd/klogd: done                                                    
[ ok ]rting Avahi mDNS/DNS-SD Daemon: avahi-daemon                              
Starting Lighttpd Web Server: lighttpd.                                         
Starting crond: OK                                                              
                                                                                
                                                                                
     @@@@@@@@@@@@@@@@@@@@@@@@@@@@@@@@@@@@@@@                                    
     @@@@@@@@  @@@@@@@@@@@@@@@@@@@@@@@@@@@@@                                    
     @@@@@@@@     @@@@@@@@@@@@@@@@@@@@@@@@@@                                    
     @@@@@@@@        @@@@@@@@@@@@@@@@@@@@@@@                                    
     @@@@@@@@            @@@@@@@@@@@@@@@@@@@                                    
     @@@@@@@@               @@@@@@@@@@@@@@@@                                    
     @@@@@@@@                   @@@@@@@@@@@@                                    
     @@@@@@@@                     @@@@@@@@@@                                    
     @@@@@@@@                        @@@@@@@                                    
     @@@@@@@@                     @@@@@@@@@@                                    
     @@@@@@@@                   @@@@@@@@@@@@                                    
     @@@@@@@@               @@@@@@@@@@@@@@@@                                    
     @@@@@@@@            @@@@@@@@@@@@@@@@@@@                                    
     @@@@@@@@        @@@@@@@@@@@@@@@@@@@@@@@                                    
     @@@@@@@@     @@@@@@@@@@@@@@@@@@@@@@@@@@                                    
     @@@@@@@@  @@@@@@@@@@@@@@@@@@@@@@@@@@@@@                                    
     @@@@@@@@@@@@@@@@@@@@@@@@@@@@@@@@@@@@@@@                                    
                                                                                
        Analog Devices Yocto Distribution                                       
                 www.analog.com                                                 
              www.yoctoproject.org                                              
                                                                                
adsp-sc589-ezkit login: root                                                    
Password:                                                                       
root@adsp-sc589-ezkit:~# uname -a                                               
Linux adsp-sc589-ezkit 4.16.0 #1 Tue Aug 13 13:50:34 UTC 2019 armv7l GNU/Linux  
root@adsp-sc589-ezkit:~# cat /proc/version                                      
Linux version 4.16.0 (oe-user@oe-host) (gcc version 8.2.0 (GCC)) #1 Tue Aug 13 9
root@adsp-sc589-ezkit:~# cat /proc/version                                      
Linux version 4.16.0 (oe-user@oe-host) (gcc version 8.2.0 (GCC)) #1 Tue Aug 13 9
root@adsp-sc589-ezkit:~# cat /sys/kernel/debug/gpio                             
gpiochip0: GPIOs 0-15, adi-gpio:                                                
 gpio-14  (                    |adau1977            ) out hi                    
                                                                                
gpiochip1: GPIOs 16-31, adi-gpio:                                               
 gpio-30  (                    |mdio-reset          ) out hi                    
                                                                                
gpiochip2: GPIOs 32-47, adi-gpio:                                               
 gpio-32  (                    |spi0.32             ) out hi                    
 gpio-38  (                    |spi2.38             ) out hi                    
 gpio-39  (                    |spi0.39             ) out hi                    
 gpio-44  (                    |spi0.44             ) out hi                    
                                                                                
gpiochip3: GPIOs 48-63, adi-gpio:                                               
                                                                                
gpiochip4: GPIOs 64-79, adi-gpio:                                               
                                                                                
gpiochip5: GPIOs 80-95, adi-gpio:                                               
                                                                                
gpiochip6: GPIOs 96-101, adi-gpio:                                              
                                                                                
gpiochip9: GPIOs 479-479, parent: spi/spi0.32, AD7879-GPIO, can sleep:          
                                                                                
gpiochip8: GPIOs 480-495, parent: i2c/0-0022, mcp23017, can sleep:              
                                                                                
gpiochip7: GPIOs 496-511, parent: i2c/0-0021, mcp23017, can sleep:              
 gpio-498 P0.2 (adi-uart4.0 ) out lo                                            
 gpio-499 P0.3 (3100c000.ethernet) out lo                                       
 gpio-500 P0.4 (3100e000.ethernet) out lo                                       
 gpio-504 P0.8 (adau1962-rst) out lo                                            
 gpio-505 P0.9 (adau1962-rst) out lo                                            
 gpio-507 P0.11 (31010000.mmc) out lo                                           
 gpio-508 P0.12 (spi2.38     ) out lo                                           
 gpio-509 P0.13 (spi2.38     ) out lo                                           
root@adsp-sc589-ezkit:~# echo 479 > /sys/class/gpio/export                      
root@adsp-sc589-ezkit:~# echo high > /sys/class/gpio/gpio479/direction          
root@adsp-sc589-ezkit:~# video_test                                             
^C                                                                              
root@adsp-sc589-ezkit:~# cd /dev/                                               
root@adsp-sc589-ezkit:/dev# ls                                                  
bus                 network_latency     tty37                                   
console             network_throughput  tty38                                   
corectrl            null                tty39                                   
cpu_dma_latency     port                tty4                                    
fb0                 ptmx                tty40                                   
fd                  ptp0                tty41                                   
full                pts                 tty42                                   
gpiochip0           random              tty43                                   
gpiochip1           rtc0                tty44                                   
gpiochip2           shm                 tty45                                   
gpiochip3           snd                 tty46                                   
gpiochip4           stderr              tty47                                   
gpiochip5           stdin               tty48                                   
gpiochip6           stdout              tty49                                   
gpiochip7           tty                 tty5                                    
gpiochip8           tty0                tty50                                   
gpiochip9           tty1                tty51                                   
i2c-0               tty10               tty52                                   
i2c-1               tty11               tty53                                   
i2c-2               tty12               tty54                                   
initctl             tty13               tty55                                   
input               tty14               tty56                                   
kmsg                tty15               tty57                                   
log                 tty16               tty58                                   
loop-control        tty17               tty59                                   
loop0               tty18               tty6                                    
loop1               tty19               tty60                                   
loop2               tty2                tty61                                   
loop3               tty20               tty62                                   
loop4               tty21               tty63                                   
loop5               tty22               tty7                                    
loop6               tty23               tty8                                    
loop7               tty24               tty9                                    
mem                 tty25               ttySC0                                  
memory_bandwidth    tty26               ttyprintk                               
mmcblk0             tty27               ubi_ctrl                                
mtab                tty28               urandom                                 
mtd0                tty29               vcs                                     
mtd0ro              tty3                vcs1                                    
mtd1                tty30               vcsa                                    
mtd1ro              tty31               vcsa1                                   
mtd2                tty32               watchdog                                
mtd2ro              tty33               watchdog0                               
mtdblock0           tty34               zero                                    
mtdblock1           tty35                                                       
mtdblock2           tty36                                                       
root@adsp-sc589-ezkit:/dev# 


